#
# There is insufficient memory for the Java Runtime Environment to continue.
# Native memory allocation (malloc) failed to allocate 136656 bytes. Error detail: Chunk::new
# Possible reasons:
#   The system is out of physical RAM or swap space
#   This process is running with CompressedOops enabled, and the Java Heap may be blocking the growth of the native heap
# Possible solutions:
#   Reduce memory load on the system
#   Increase physical memory or swap space
#   Check if swap backing store is full
#   Decrease Java heap size (-Xmx/-Xms)
#   Decrease number of Java threads
#   Decrease Java thread stack sizes (-Xss)
#   Set larger code cache with -XX:ReservedCodeCacheSize=
#   JVM is running with Unscaled Compressed Oops mode in which the Java heap is
#     placed in the first 4GB address space. The Java Heap base address is the
#     maximum limit for the native heap growth. Please use -XX:HeapBaseMinAddress
#     to set the Java Heap base and to place the Java Heap above 4GB virtual address.
# This output file may be truncated or incomplete.
#
#  Out of Memory Error (arena.cpp:191), pid=46932, tid=40008
#
# JRE version: OpenJDK Runtime Environment Microsoft-11926163 (17.0.16+8) (build 17.0.16+8-LTS)
# Java VM: OpenJDK 64-Bit Server VM Microsoft-11926163 (17.0.16+8-LTS, mixed mode, sharing, tiered, compressed oops, compressed class ptrs, g1 gc, windows-amd64)
# No core dump will be written. Minidumps are not enabled by default on client versions of Windows
#

---------------  S U M M A R Y ------------

Command Line: -Xmx64m -Xms64m -Dorg.gradle.appname=gradlew D:\supply-pulse-rn\frontend\android\\gradle\wrapper\gradle-wrapper.jar assembleDebug --stacktrace

Host: Intel(R) Core(TM) i7-8650U CPU @ 1.90GHz, 8 cores, 15G,  Windows 11 , 64 bit Build 26100 (10.0.26100.8328)
Time: Wed May 20 05:41:16 2026 Pakistan Standard Time elapsed time: 48.760196 seconds (0d 0h 0m 48s)

---------------  T H R E A D  ---------------

Current thread (0x000001565a6c2120):  JavaThread "C2 CompilerThread0" daemon [_thread_in_native, id=40008, stack(0x0000000e7dc00000,0x0000000e7dd00000)]


Current CompileTask:
C2:  48760 1841       4       org.gradle.internal.logging.text.AbstractLineChoppingStyledTextOutput$1::execute (9 bytes)

Stack: [0x0000000e7dc00000,0x0000000e7dd00000]
Native frames: (J=compiled Java code, j=interpreted, Vv=VM code, C=native code)
V  [jvm.dll+0x68ee19]
V  [jvm.dll+0x846249]
V  [jvm.dll+0x847fb8]
V  [jvm.dll+0x848643]
V  [jvm.dll+0x24cf6f]
V  [jvm.dll+0xaecb6]
V  [jvm.dll+0xaf35c]
V  [jvm.dll+0x37134f]
V  [jvm.dll+0x33b7a5]
V  [jvm.dll+0x33ac0a]
V  [jvm.dll+0x21df29]
V  [jvm.dll+0x21d36d]
V  [jvm.dll+0x1a8ce6]
V  [jvm.dll+0x22db1b]
V  [jvm.dll+0x22bca6]
V  [jvm.dll+0x7fba9b]
V  [jvm.dll+0x7f5e9c]
V  [jvm.dll+0x68dd27]
C  [ucrtbase.dll+0x37b0]
C  [KERNEL32.DLL+0x2e957]
C  [ntdll.dll+0x427c]


---------------  P R O C E S S  ---------------

Threads class SMR info:
_java_thread_list=0x00000156a1049b70, length=13, elements={
0x0000015640c68840, 0x000001565a6a0410, 0x000001565a6a08f0, 0x000001565a6bca60,
0x000001565a6bcf40, 0x000001565a6bd420, 0x000001565a6c1910, 0x000001565a6c2120,
0x000001565a6c5b40, 0x000001565a6c6060, 0x000001565a80b720, 0x000001565a82dec0,
0x00000156a05c2400
}

Java Threads: ( => current thread )
  0x0000015640c68840 JavaThread "main" [_thread_in_native, id=46244, stack(0x0000000e7cf00000,0x0000000e7d000000)]
  0x000001565a6a0410 JavaThread "Reference Handler" daemon [_thread_blocked, id=51484, stack(0x0000000e7d600000,0x0000000e7d700000)]
  0x000001565a6a08f0 JavaThread "Finalizer" daemon [_thread_blocked, id=36036, stack(0x0000000e7d700000,0x0000000e7d800000)]
  0x000001565a6bca60 JavaThread "Signal Dispatcher" daemon [_thread_blocked, id=10396, stack(0x0000000e7d800000,0x0000000e7d900000)]
  0x000001565a6bcf40 JavaThread "Attach Listener" daemon [_thread_blocked, id=28228, stack(0x0000000e7d900000,0x0000000e7da00000)]
  0x000001565a6bd420 JavaThread "Service Thread" daemon [_thread_blocked, id=45756, stack(0x0000000e7da00000,0x0000000e7db00000)]
  0x000001565a6c1910 JavaThread "Monitor Deflation Thread" daemon [_thread_blocked, id=30496, stack(0x0000000e7db00000,0x0000000e7dc00000)]
=>0x000001565a6c2120 JavaThread "C2 CompilerThread0" daemon [_thread_in_native, id=40008, stack(0x0000000e7dc00000,0x0000000e7dd00000)]
  0x000001565a6c5b40 JavaThread "C1 CompilerThread0" daemon [_thread_blocked, id=41280, stack(0x0000000e7dd00000,0x0000000e7de00000)]
  0x000001565a6c6060 JavaThread "Sweeper thread" daemon [_thread_blocked, id=28632, stack(0x0000000e7de00000,0x0000000e7df00000)]
  0x000001565a80b720 JavaThread "Notification Thread" daemon [_thread_blocked, id=40360, stack(0x0000000e7df00000,0x0000000e7e000000)]
  0x000001565a82dec0 JavaThread "Common-Cleaner" daemon [_thread_blocked, id=49060, stack(0x0000000e7e100000,0x0000000e7e200000)]
  0x00000156a05c2400 JavaThread "pool-1-thread-1" [_thread_blocked, id=27716, stack(0x0000000e7e700000,0x0000000e7e800000)]

Other Threads:
  0x0000015640d1dca0 VMThread "VM Thread" [stack: 0x0000000e7d500000,0x0000000e7d600000] [id=11180]
  0x000001565a82bc10 WatcherThread [stack: 0x0000000e7e000000,0x0000000e7e100000] [id=36604]
  0x0000015640c89aa0 GCTaskThread "GC Thread#0" [stack: 0x0000000e7d000000,0x0000000e7d100000] [id=47624]
  0x000001565aa17bb0 GCTaskThread "GC Thread#1" [stack: 0x0000000e7e400000,0x0000000e7e500000] [id=34060]
  0x00000156a0069290 GCTaskThread "GC Thread#2" [stack: 0x0000000e7e500000,0x0000000e7e600000] [id=50164]
  0x00000156a01cea80 GCTaskThread "GC Thread#3" [stack: 0x0000000e7e600000,0x0000000e7e700000] [id=30996]
  0x00000156a12f2600 GCTaskThread "GC Thread#4" [stack: 0x0000000e7e200000,0x0000000e7e300000] [id=49668]
  0x00000156a12f1580 GCTaskThread "GC Thread#5" [stack: 0x0000000e7e300000,0x0000000e7e400000] [id=51128]
  0x00000156a12f1b00 GCTaskThread "GC Thread#6" [stack: 0x0000000e7e800000,0x0000000e7e900000] [id=47952]
  0x0000015640c8b1f0 ConcurrentGCThread "G1 Main Marker" [stack: 0x0000000e7d100000,0x0000000e7d200000] [id=49996]
  0x0000015640c8d080 ConcurrentGCThread "G1 Conc#0" [stack: 0x0000000e7d200000,0x0000000e7d300000] [id=46484]
  0x0000015640cfc7c0 ConcurrentGCThread "G1 Refine#0" [stack: 0x0000000e7d300000,0x0000000e7d400000] [id=50256]
  0x0000015640cfeac0 ConcurrentGCThread "G1 Service" [stack: 0x0000000e7d400000,0x0000000e7d500000] [id=38916]

Threads with active compile tasks:
C2 CompilerThread0    49810 1841       4       org.gradle.internal.logging.text.AbstractLineChoppingStyledTextOutput$1::execute (9 bytes)

VM state: not at safepoint (normal execution)

VM Mutex/Monitor currently owned by a thread: None

Heap address: 0x00000000fc000000, size: 64 MB, Compressed Oops mode: 32-bit

CDS archive(s) mapped at: [0x000001565b000000-0x000001565bbb0000-0x000001565bbb0000), size 12255232, SharedBaseAddress: 0x000001565b000000, ArchiveRelocationMode: 1.
Compressed class space mapped at: 0x000001565c000000-0x000001569c000000, reserved size: 1073741824
Narrow klass base: 0x000001565b000000, Narrow klass shift: 0, Narrow klass range: 0x100000000

GC Precious Log:
 CPUs: 8 total, 8 available
 Memory: 16262M
 Large Page Support: Disabled
 NUMA Support: Disabled
 Compressed Oops: Enabled (32-bit)
 Heap Region Size: 1M
 Heap Min Capacity: 64M
 Heap Initial Capacity: 64M
 Heap Max Capacity: 64M
 Pre-touch: Disabled
 Parallel Workers: 8
 Concurrent Workers: 2
 Concurrent Refinement Workers: 8
 Periodic GC: Disabled

Heap:
 garbage-first heap   total 65536K, used 17595K [0x00000000fc000000, 0x0000000100000000)
  region size 1024K, 12 young (12288K), 5 survivors (5120K)
 Metaspace       used 9556K, committed 9728K, reserved 1114112K
  class space    used 1261K, committed 1344K, reserved 1048576K

Heap Regions: E=young(eden), S=young(survivor), O=old, HS=humongous(starts), HC=humongous(continues), CS=collection set, F=free, OA=open archive, CA=closed archive, TAMS=top-at-mark-start (previous, next)
|   0|0x00000000fc000000, 0x00000000fc100000, 0x00000000fc100000|100%|HS|  |TAMS 0x00000000fc000000, 0x00000000fc000000| Complete 
|   1|0x00000000fc100000, 0x00000000fc200000, 0x00000000fc200000|100%|HC|  |TAMS 0x00000000fc100000, 0x00000000fc100000| Complete 
|   2|0x00000000fc200000, 0x00000000fc300000, 0x00000000fc300000|100%|HC|  |TAMS 0x00000000fc200000, 0x00000000fc200000| Complete 
|   3|0x00000000fc300000, 0x00000000fc400000, 0x00000000fc400000|100%| O|  |TAMS 0x00000000fc300000, 0x00000000fc300000| Untracked 
|   4|0x00000000fc400000, 0x00000000fc500000, 0x00000000fc500000|100%| O|  |TAMS 0x00000000fc400000, 0x00000000fc400000| Untracked 
|   5|0x00000000fc500000, 0x00000000fc600000, 0x00000000fc600000|100%| O|  |TAMS 0x00000000fc500000, 0x00000000fc500000| Untracked 
|   6|0x00000000fc600000, 0x00000000fc62ec00, 0x00000000fc700000| 18%| O|  |TAMS 0x00000000fc600000, 0x00000000fc600000| Untracked 
|   7|0x00000000fc700000, 0x00000000fc700000, 0x00000000fc800000|  0%| F|  |TAMS 0x00000000fc700000, 0x00000000fc700000| Untracked 
|   8|0x00000000fc800000, 0x00000000fc800000, 0x00000000fc900000|  0%| F|  |TAMS 0x00000000fc800000, 0x00000000fc800000| Untracked 
|   9|0x00000000fc900000, 0x00000000fc900000, 0x00000000fca00000|  0%| F|  |TAMS 0x00000000fc900000, 0x00000000fc900000| Untracked 
|  10|0x00000000fca00000, 0x00000000fca00000, 0x00000000fcb00000|  0%| F|  |TAMS 0x00000000fca00000, 0x00000000fca00000| Untracked 
|  11|0x00000000fcb00000, 0x00000000fcb00000, 0x00000000fcc00000|  0%| F|  |TAMS 0x00000000fcb00000, 0x00000000fcb00000| Untracked 
|  12|0x00000000fcc00000, 0x00000000fcc00000, 0x00000000fcd00000|  0%| F|  |TAMS 0x00000000fcc00000, 0x00000000fcc00000| Untracked 
|  13|0x00000000fcd00000, 0x00000000fcd00000, 0x00000000fce00000|  0%| F|  |TAMS 0x00000000fcd00000, 0x00000000fcd00000| Untracked 
|  14|0x00000000fce00000, 0x00000000fce00000, 0x00000000fcf00000|  0%| F|  |TAMS 0x00000000fce00000, 0x00000000fce00000| Untracked 
|  15|0x00000000fcf00000, 0x00000000fcf00000, 0x00000000fd000000|  0%| F|  |TAMS 0x00000000fcf00000, 0x00000000fcf00000| Untracked 
|  16|0x00000000fd000000, 0x00000000fd000000, 0x00000000fd100000|  0%| F|  |TAMS 0x00000000fd000000, 0x00000000fd000000| Untracked 
|  17|0x00000000fd100000, 0x00000000fd100000, 0x00000000fd200000|  0%| F|  |TAMS 0x00000000fd100000, 0x00000000fd100000| Untracked 
|  18|0x00000000fd200000, 0x00000000fd200000, 0x00000000fd300000|  0%| F|  |TAMS 0x00000000fd200000, 0x00000000fd200000| Untracked 
|  19|0x00000000fd300000, 0x00000000fd300000, 0x00000000fd400000|  0%| F|  |TAMS 0x00000000fd300000, 0x00000000fd300000| Untracked 
|  20|0x00000000fd400000, 0x00000000fd400000, 0x00000000fd500000|  0%| F|  |TAMS 0x00000000fd400000, 0x00000000fd400000| Untracked 
|  21|0x00000000fd500000, 0x00000000fd500000, 0x00000000fd600000|  0%| F|  |TAMS 0x00000000fd500000, 0x00000000fd500000| Untracked 
|  22|0x00000000fd600000, 0x00000000fd600000, 0x00000000fd700000|  0%| F|  |TAMS 0x00000000fd600000, 0x00000000fd600000| Untracked 
|  23|0x00000000fd700000, 0x00000000fd700000, 0x00000000fd800000|  0%| F|  |TAMS 0x00000000fd700000, 0x00000000fd700000| Untracked 
|  24|0x00000000fd800000, 0x00000000fd800000, 0x00000000fd900000|  0%| F|  |TAMS 0x00000000fd800000, 0x00000000fd800000| Untracked 
|  25|0x00000000fd900000, 0x00000000fd900000, 0x00000000fda00000|  0%| F|  |TAMS 0x00000000fd900000, 0x00000000fd900000| Untracked 
|  26|0x00000000fda00000, 0x00000000fdb00000, 0x00000000fdb00000|100%| S|CS|TAMS 0x00000000fda00000, 0x00000000fda00000| Complete 
|  27|0x00000000fdb00000, 0x00000000fdc00000, 0x00000000fdc00000|100%| S|CS|TAMS 0x00000000fdb00000, 0x00000000fdb00000| Complete 
|  28|0x00000000fdc00000, 0x00000000fdd00000, 0x00000000fdd00000|100%| S|CS|TAMS 0x00000000fdc00000, 0x00000000fdc00000| Complete 
|  29|0x00000000fdd00000, 0x00000000fde00000, 0x00000000fde00000|100%| S|CS|TAMS 0x00000000fdd00000, 0x00000000fdd00000| Complete 
|  30|0x00000000fde00000, 0x00000000fdf00000, 0x00000000fdf00000|100%| S|CS|TAMS 0x00000000fde00000, 0x00000000fde00000| Complete 
|  31|0x00000000fdf00000, 0x00000000fdf00000, 0x00000000fe000000|  0%| F|  |TAMS 0x00000000fdf00000, 0x00000000fdf00000| Untracked 
|  32|0x00000000fe000000, 0x00000000fe000000, 0x00000000fe100000|  0%| F|  |TAMS 0x00000000fe000000, 0x00000000fe000000| Untracked 
|  33|0x00000000fe100000, 0x00000000fe100000, 0x00000000fe200000|  0%| F|  |TAMS 0x00000000fe100000, 0x00000000fe100000| Untracked 
|  34|0x00000000fe200000, 0x00000000fe200000, 0x00000000fe300000|  0%| F|  |TAMS 0x00000000fe200000, 0x00000000fe200000| Untracked 
|  35|0x00000000fe300000, 0x00000000fe300000, 0x00000000fe400000|  0%| F|  |TAMS 0x00000000fe300000, 0x00000000fe300000| Untracked 
|  36|0x00000000fe400000, 0x00000000fe400000, 0x00000000fe500000|  0%| F|  |TAMS 0x00000000fe400000, 0x00000000fe400000| Untracked 
|  37|0x00000000fe500000, 0x00000000fe500000, 0x00000000fe600000|  0%| F|  |TAMS 0x00000000fe500000, 0x00000000fe500000| Untracked 
|  38|0x00000000fe600000, 0x00000000fe600000, 0x00000000fe700000|  0%| F|  |TAMS 0x00000000fe600000, 0x00000000fe600000| Untracked 
|  39|0x00000000fe700000, 0x00000000fe700000, 0x00000000fe800000|  0%| F|  |TAMS 0x00000000fe700000, 0x00000000fe700000| Untracked 
|  40|0x00000000fe800000, 0x00000000fe800000, 0x00000000fe900000|  0%| F|  |TAMS 0x00000000fe800000, 0x00000000fe800000| Untracked 
|  41|0x00000000fe900000, 0x00000000fe900000, 0x00000000fea00000|  0%| F|  |TAMS 0x00000000fe900000, 0x00000000fe900000| Untracked 
|  42|0x00000000fea00000, 0x00000000fea00000, 0x00000000feb00000|  0%| F|  |TAMS 0x00000000fea00000, 0x00000000fea00000| Untracked 
|  43|0x00000000feb00000, 0x00000000feb00000, 0x00000000fec00000|  0%| F|  |TAMS 0x00000000feb00000, 0x00000000feb00000| Untracked 
|  44|0x00000000fec00000, 0x00000000fec00000, 0x00000000fed00000|  0%| F|  |TAMS 0x00000000fec00000, 0x00000000fec00000| Untracked 
|  45|0x00000000fed00000, 0x00000000fed00000, 0x00000000fee00000|  0%| F|  |TAMS 0x00000000fed00000, 0x00000000fed00000| Untracked 
|  46|0x00000000fee00000, 0x00000000fee00000, 0x00000000fef00000|  0%| F|  |TAMS 0x00000000fee00000, 0x00000000fee00000| Untracked 
|  47|0x00000000fef00000, 0x00000000fef00000, 0x00000000ff000000|  0%| F|  |TAMS 0x00000000fef00000, 0x00000000fef00000| Untracked 
|  48|0x00000000ff000000, 0x00000000ff000000, 0x00000000ff100000|  0%| F|  |TAMS 0x00000000ff000000, 0x00000000ff000000| Untracked 
|  49|0x00000000ff100000, 0x00000000ff100000, 0x00000000ff200000|  0%| F|  |TAMS 0x00000000ff100000, 0x00000000ff100000| Untracked 
|  50|0x00000000ff200000, 0x00000000ff200000, 0x00000000ff300000|  0%| F|  |TAMS 0x00000000ff200000, 0x00000000ff200000| Untracked 
|  51|0x00000000ff300000, 0x00000000ff300000, 0x00000000ff400000|  0%| F|  |TAMS 0x00000000ff300000, 0x00000000ff300000| Untracked 
|  52|0x00000000ff400000, 0x00000000ff400000, 0x00000000ff500000|  0%| F|  |TAMS 0x00000000ff400000, 0x00000000ff400000| Untracked 
|  53|0x00000000ff500000, 0x00000000ff500000, 0x00000000ff600000|  0%| F|  |TAMS 0x00000000ff500000, 0x00000000ff500000| Untracked 
|  54|0x00000000ff600000, 0x00000000ff600000, 0x00000000ff700000|  0%| F|  |TAMS 0x00000000ff600000, 0x00000000ff600000| Untracked 
|  55|0x00000000ff700000, 0x00000000ff700000, 0x00000000ff800000|  0%| F|  |TAMS 0x00000000ff700000, 0x00000000ff700000| Untracked 
|  56|0x00000000ff800000, 0x00000000ff800000, 0x00000000ff900000|  0%| F|  |TAMS 0x00000000ff800000, 0x00000000ff800000| Untracked 
|  57|0x00000000ff900000, 0x00000000ff923f50, 0x00000000ffa00000| 14%| E|  |TAMS 0x00000000ff900000, 0x00000000ff900000| Complete 
|  58|0x00000000ffa00000, 0x00000000ffb00000, 0x00000000ffb00000|100%| E|CS|TAMS 0x00000000ffa00000, 0x00000000ffa00000| Complete 
|  59|0x00000000ffb00000, 0x00000000ffc00000, 0x00000000ffc00000|100%| E|CS|TAMS 0x00000000ffb00000, 0x00000000ffb00000| Complete 
|  60|0x00000000ffc00000, 0x00000000ffd00000, 0x00000000ffd00000|100%| E|CS|TAMS 0x00000000ffc00000, 0x00000000ffc00000| Complete 
|  61|0x00000000ffd00000, 0x00000000ffe00000, 0x00000000ffe00000|100%| E|CS|TAMS 0x00000000ffd00000, 0x00000000ffd00000| Complete 
|  62|0x00000000ffe00000, 0x00000000fff00000, 0x00000000fff00000|100%| E|CS|TAMS 0x00000000ffe00000, 0x00000000ffe00000| Complete 
|  63|0x00000000fff00000, 0x0000000100000000, 0x0000000100000000|100%| E|CS|TAMS 0x00000000fff00000, 0x00000000fff00000| Complete 

Card table byte_map: [0x000001563ecf0000,0x000001563ed10000] _byte_map_base: 0x000001563e510000

Marking Bits (Prev, Next): (CMBitMap*) 0x0000015640c8a0c0, (CMBitMap*) 0x0000015640c8a100
 Prev Bits: [0x0000015657b00000, 0x0000015657c00000)
 Next Bits: [0x0000015657c00000, 0x0000015657d00000)

Polling page: 0x000001563ea50000

Metaspace:

Usage:
  Non-class:      8.10 MB used.
      Class:      1.23 MB used.
       Both:      9.33 MB used.

Virtual space:
  Non-class space:       64.00 MB reserved,       8.19 MB ( 13%) committed,  1 nodes.
      Class space:        1.00 GB reserved,       1.31 MB ( <1%) committed,  1 nodes.
             Both:        1.06 GB reserved,       9.50 MB ( <1%) committed. 

Chunk freelists:
   Non-Class:  7.69 MB
       Class:  14.51 MB
        Both:  22.19 MB

MaxMetaspaceSize: unlimited
CompressedClassSpaceSize: 1.00 GB
Initial GC threshold: 21.00 MB
Current GC threshold: 21.00 MB
CDS: on
MetaspaceReclaimPolicy: balanced
 - commit_granule_bytes: 65536.
 - commit_granule_words: 8192.
 - virtual_space_node_default_size: 8388608.
 - enlarge_chunks_in_place: 1.
 - new_chunks_are_fully_committed: 0.
 - uncommit_free_chunks: 1.
 - use_allocation_guard: 0.
 - handle_deallocations: 1.


Internal statistics:

num_allocs_failed_limit: 0.
num_arena_births: 80.
num_arena_deaths: 0.
num_vsnodes_births: 2.
num_vsnodes_deaths: 0.
num_space_committed: 152.
num_space_uncommitted: 0.
num_chunks_returned_to_freelist: 0.
num_chunks_taken_from_freelist: 338.
num_chunk_merges: 0.
num_chunk_splits: 227.
num_chunks_enlarged: 184.
num_inconsistent_stats: 0.

CodeHeap 'non-profiled nmethods': size=120000Kb used=791Kb max_used=791Kb free=119208Kb
 bounds [0x0000015650290000, 0x0000015650500000, 0x00000156577c0000]
CodeHeap 'profiled nmethods': size=120000Kb used=3461Kb max_used=3461Kb free=116538Kb
 bounds [0x00000156487c0000, 0x0000015648b30000, 0x000001564fcf0000]
CodeHeap 'non-nmethods': size=5760Kb used=1174Kb max_used=1196Kb free=4586Kb
 bounds [0x000001564fcf0000, 0x000001564ff60000, 0x0000015650290000]
 total_blobs=2327 nmethods=1859 adapters=381
 compilation: enabled
              stopped_count=0, restarted_count=0
 full_count=0

Compilation events (20 events):
Event: 46.069 Thread 0x000001565a6c2120 1841       4       org.gradle.internal.logging.text.AbstractLineChoppingStyledTextOutput$1::execute (9 bytes)
Event: 46.077 Thread 0x000001565a6c5b40 1846       3       org.gradle.internal.logging.console.DefaultAnsiExecutor::access$200 (7 bytes)
Event: 46.078 Thread 0x000001565a6c5b40 nmethod 1846 0x0000015648b1b210 code [0x0000015648b1b3c0, 0x0000015648b1b5d8]
Event: 46.078 Thread 0x000001565a6c5b40 1847       3       org.gradle.internal.logging.console.DefaultAnsiExecutor::charactersWritten (22 bytes)
Event: 46.078 Thread 0x000001565a6c5b40 nmethod 1847 0x0000015648b1b710 code [0x0000015648b1b8c0, 0x0000015648b1ba98]
Event: 46.080 Thread 0x000001565a6c5b40 1848       3       org.gradle.internal.logging.console.Cursor::copyFrom (23 bytes)
Event: 46.080 Thread 0x000001565a6c5b40 nmethod 1848 0x0000015648b1bb90 code [0x0000015648b1bd40, 0x0000015648b1beb8]
Event: 46.082 Thread 0x000001565a6c5b40 1849       1       org.gradle.internal.logging.console.DefaultAnsiExecutor::access$300 (5 bytes)
Event: 46.082 Thread 0x000001565a6c5b40 nmethod 1849 0x0000015650354a90 code [0x0000015650354c20, 0x0000015650354cd8]
Event: 46.091 Thread 0x000001565a6c5b40 1850       3       org.gradle.internal.logging.console.DefaultColorMap::getColor (38 bytes)
Event: 46.091 Thread 0x000001565a6c5b40 nmethod 1850 0x0000015648b1bf90 code [0x0000015648b1c160, 0x0000015648b1c5c8]
Event: 46.106 Thread 0x000001565a6c5b40 1851       1       org.gradle.internal.logging.sink.GroupingProgressLogEventGenerator::access$300 (5 bytes)
Event: 46.106 Thread 0x000001565a6c5b40 nmethod 1851 0x0000015650354d90 code [0x0000015650354f20, 0x0000015650354fd8]
Event: 46.106 Thread 0x000001565a6c5b40 1852       1       org.gradle.internal.logging.text.AbstractLineChoppingStyledTextOutput::access$100 (5 bytes)
Event: 46.106 Thread 0x000001565a6c5b40 nmethod 1852 0x0000015650355090 code [0x0000015650355220, 0x00000156503552d8]
Event: 46.106 Thread 0x000001565a6c5b40 1853       1       org.gradle.internal.logging.text.AbstractLineChoppingStyledTextOutput::access$200 (5 bytes)
Event: 46.107 Thread 0x000001565a6c5b40 nmethod 1853 0x0000015650355390 code [0x0000015650355520, 0x00000156503555d8]
Event: 46.107 Thread 0x000001565a6c5b40 1854       1       org.gradle.internal.logging.text.AbstractLineChoppingStyledTextOutput::access$300 (5 bytes)
Event: 46.107 Thread 0x000001565a6c5b40 nmethod 1854 0x0000015650355690 code [0x0000015650355820, 0x00000156503558d8]
Event: 46.109 Thread 0x000001565a6c5b40 1855       3       org.gradle.internal.logging.console.DefaultAnsiExecutor$AnsiContextImpl::a (234 bytes)

GC Heap History (4 events):
Event: 0.830 GC heap before
{Heap before GC invocations=0 (full 0):
 garbage-first heap   total 65536K, used 23552K [0x00000000fc000000, 0x0000000100000000)
  region size 1024K, 23 young (23552K), 0 survivors (0K)
 Metaspace       used 1724K, committed 1856K, reserved 1114112K
  class space    used 160K, committed 192K, reserved 1048576K
}
Event: 0.838 GC heap after
{Heap after GC invocations=1 (full 0):
 garbage-first heap   total 65536K, used 1792K [0x00000000fc000000, 0x0000000100000000)
  region size 1024K, 2 young (2048K), 2 survivors (2048K)
 Metaspace       used 1724K, committed 1856K, reserved 1114112K
  class space    used 160K, committed 192K, reserved 1048576K
}
Event: 2.994 GC heap before
{Heap before GC invocations=1 (full 0):
 garbage-first heap   total 65536K, used 36608K [0x00000000fc000000, 0x0000000100000000)
  region size 1024K, 33 young (33792K), 2 survivors (2048K)
 Metaspace       used 7734K, committed 7936K, reserved 1114112K
  class space    used 1055K, committed 1152K, reserved 1048576K
}
Event: 3.004 GC heap after
{Heap after GC invocations=2 (full 0):
 garbage-first heap   total 65536K, used 11451K [0x00000000fc000000, 0x0000000100000000)
  region size 1024K, 5 young (5120K), 5 survivors (5120K)
 Metaspace       used 7734K, committed 7936K, reserved 1114112K
  class space    used 1055K, committed 1152K, reserved 1048576K
}

Dll operation events (13 events):
Event: 0.025 Loaded shared library C:\Program Files\Microsoft\jdk-17.0.16.8-hotspot\bin\java.dll
Event: 0.063 Loaded shared library C:\Program Files\Microsoft\jdk-17.0.16.8-hotspot\bin\jsvml.dll
Event: 0.131 Loaded shared library C:\Program Files\Microsoft\jdk-17.0.16.8-hotspot\bin\net.dll
Event: 0.134 Loaded shared library C:\Program Files\Microsoft\jdk-17.0.16.8-hotspot\bin\nio.dll
Event: 0.142 Loaded shared library C:\Program Files\Microsoft\jdk-17.0.16.8-hotspot\bin\zip.dll
Event: 0.154 Loaded shared library C:\Program Files\Microsoft\jdk-17.0.16.8-hotspot\bin\verify.dll
Event: 0.796 Loaded shared library C:\Program Files\Microsoft\jdk-17.0.16.8-hotspot\bin\jimage.dll
Event: 1.677 Loaded shared library C:\Program Files\Microsoft\jdk-17.0.16.8-hotspot\bin\management.dll
Event: 1.681 Loaded shared library C:\Program Files\Microsoft\jdk-17.0.16.8-hotspot\bin\management_ext.dll
Event: 1.794 Loaded shared library C:\Users\Talha\.gradle\native\1def1411415f61bf3af743bc5b6707747c0891f09f0c88961ee8f79bc544acac\windows-amd64\native-platform.dll
Event: 1.872 Loaded shared library C:\Users\Talha\.gradle\native\jansi\1.18\windows64\jansi.dll
Event: 2.697 Loaded shared library C:\Program Files\Microsoft\jdk-17.0.16.8-hotspot\bin\extnet.dll
Event: 3.171 Loaded shared library C:\Program Files\Microsoft\jdk-17.0.16.8-hotspot\bin\sunmscapi.dll

Deoptimization events (20 events):
Event: 12.953 Thread 0x00000156a05c2400 Uncommon trap: trap_request=0xffffff45 fr.pc=0x00000156502ae784 relative=0x0000000000000264
Event: 12.953 Thread 0x00000156a05c2400 Uncommon trap: reason=unstable_if action=reinterpret pc=0x00000156502ae784 method=java.lang.String.getChars(II[CI)V @ 23 c2
Event: 12.953 Thread 0x00000156a05c2400 DEOPT PACKING pc=0x00000156502ae784 sp=0x0000000e7e7fe270
Event: 12.953 Thread 0x00000156a05c2400 DEOPT UNPACKING pc=0x000001564fd469a3 sp=0x0000000e7e7fe230 mode 2
Event: 12.955 Thread 0x00000156a05c2400 Uncommon trap: trap_request=0xffffff45 fr.pc=0x00000156502e7754 relative=0x0000000000000134
Event: 12.955 Thread 0x00000156a05c2400 Uncommon trap: reason=unstable_if action=reinterpret pc=0x00000156502e7754 method=java.lang.AbstractStringBuilder.putStringAt(ILjava/lang/String;II)V @ 8 c2
Event: 12.955 Thread 0x00000156a05c2400 DEOPT PACKING pc=0x00000156502e7754 sp=0x0000000e7e7fdf40
Event: 12.955 Thread 0x00000156a05c2400 DEOPT UNPACKING pc=0x000001564fd469a3 sp=0x0000000e7e7fde88 mode 2
Event: 12.956 Thread 0x00000156a05c2400 Uncommon trap: trap_request=0xffffff45 fr.pc=0x00000156502e826c relative=0x000000000000014c
Event: 12.956 Thread 0x00000156a05c2400 Uncommon trap: reason=unstable_if action=reinterpret pc=0x00000156502e826c method=java.lang.AbstractStringBuilder.putStringAt(ILjava/lang/String;II)V @ 8 c2
Event: 12.956 Thread 0x00000156a05c2400 DEOPT PACKING pc=0x00000156502e826c sp=0x0000000e7e7fdec0
Event: 12.956 Thread 0x00000156a05c2400 DEOPT UNPACKING pc=0x000001564fd469a3 sp=0x0000000e7e7fde88 mode 2
Event: 16.685 Thread 0x0000015640c68840 DEOPT PACKING pc=0x0000015648aa51f2 sp=0x0000000e7cffcf20
Event: 16.685 Thread 0x0000015640c68840 DEOPT UNPACKING pc=0x000001564fd47143 sp=0x0000000e7cffc390 mode 0
Event: 17.980 Thread 0x0000015640c68840 DEOPT PACKING pc=0x0000015648aa51f2 sp=0x0000000e7cffcf20
Event: 17.980 Thread 0x0000015640c68840 DEOPT UNPACKING pc=0x000001564fd47143 sp=0x0000000e7cffc390 mode 0
Event: 17.982 Thread 0x0000015640c68840 DEOPT PACKING pc=0x0000015648aa51f2 sp=0x0000000e7cffcf20
Event: 17.982 Thread 0x0000015640c68840 DEOPT UNPACKING pc=0x000001564fd47143 sp=0x0000000e7cffc390 mode 0
Event: 18.758 Thread 0x0000015640c68840 DEOPT PACKING pc=0x0000015648aa51f2 sp=0x0000000e7cffcf20
Event: 18.758 Thread 0x0000015640c68840 DEOPT UNPACKING pc=0x000001564fd47143 sp=0x0000000e7cffc390 mode 0

Classes loaded (20 events):
Event: 8.906 Loading class jdk/internal/logger/LoggerFinderLoader$TemporaryLoggerFinder
Event: 8.907 Loading class jdk/internal/logger/LoggerFinderLoader$TemporaryLoggerFinder done
Event: 8.907 Loading class sun/util/logging/internal/LoggingProviderImpl$JULWrapper
Event: 8.908 Loading class sun/util/logging/PlatformLogger$ConfigurableBridge$LoggerConfiguration
Event: 8.908 Loading class sun/util/logging/PlatformLogger$ConfigurableBridge$LoggerConfiguration done
Event: 8.908 Loading class sun/util/logging/internal/LoggingProviderImpl$JULWrapper done
Event: 8.909 Loading class java/io/ObjectInputFilter
Event: 8.910 Loading class java/io/ObjectInputFilter done
Event: 8.910 Loading class java/io/ObjectInputFilter$Config$BuiltinFilterFactory
Event: 8.910 Loading class java/io/ObjectInputFilter$Config$BuiltinFilterFactory done
Event: 8.911 Loading class jdk/internal/access/JavaObjectInputFilterAccess
Event: 8.911 Loading class jdk/internal/access/JavaObjectInputFilterAccess done
Event: 8.911 Loading class java/lang/System$Logger$Level
Event: 8.912 Loading class java/lang/System$Logger$Level done
Event: 8.912 Loading class java/io/Bits
Event: 8.912 Loading class java/io/Bits done
Event: 12.953 Loading class sun/nio/cs/Surrogate$Parser
Event: 12.954 Loading class sun/nio/cs/Surrogate$Parser done
Event: 12.954 Loading class sun/nio/cs/Surrogate
Event: 12.954 Loading class sun/nio/cs/Surrogate done

Classes unloaded (0 events):
No events

Classes redefined (0 events):
No events

Internal exceptions (20 events):
Event: 1.674 Thread 0x0000015640c68840 Exception <a 'java/lang/NoSuchMethodError'{0x00000000ff009088}: 'java.lang.Object java.lang.invoke.DirectMethodHandle$Holder.invokeStaticInit(java.lang.Object)'> (0x00000000ff009088) 
thrown [s\src\hotspot\share\interpreter\linkResolver.cpp, line 759]
Event: 1.692 Thread 0x0000015640c68840 Exception <a 'java/lang/NoSuchMethodError'{0x00000000ff023d78}: 'int java.lang.invoke.DirectMethodHandle$Holder.invokeSpecial(java.lang.Object, java.lang.Object, java.lang.Object)'> (0x00000000ff023d78) 
thrown [s\src\hotspot\share\interpreter\linkResolver.cpp, line 759]
Event: 1.704 Thread 0x0000015640c68840 Exception <a 'java/lang/NoSuchMethodError'{0x00000000ff060898}: 'void java.lang.invoke.DirectMethodHandle$Holder.invokeStatic(java.lang.Object, java.lang.Object)'> (0x00000000ff060898) 
thrown [s\src\hotspot\share\interpreter\linkResolver.cpp, line 759]
Event: 1.707 Thread 0x0000015640c68840 Implicit null exception at 0x00000156502ff88f to 0x00000156502ffdf8
Event: 1.707 Thread 0x0000015640c68840 Implicit null exception at 0x00000156502daa0f to 0x00000156502daf94
Event: 1.708 Thread 0x0000015640c68840 Implicit null exception at 0x00000156502c43af to 0x00000156502c4429
Event: 1.739 Thread 0x0000015640c68840 Exception <a 'java/lang/NoClassDefFoundError'{0x00000000ff0dbdb8}: org/slf4j/impl/StaticMarkerBinder> (0x00000000ff0dbdb8) 
thrown [s\src\hotspot\share\classfile\systemDictionary.cpp, line 245]
Event: 1.811 Thread 0x0000015640c68840 Exception <a 'java/lang/NoSuchMethodError'{0x00000000fee00848}: 'java.lang.Object java.lang.invoke.Invokers$Holder.invoker(java.lang.Object, java.lang.Object, java.lang.Object)'> (0x00000000fee00848) 
thrown [s\src\hotspot\share\interpreter\linkResolver.cpp, line 759]
Event: 1.813 Thread 0x0000015640c68840 Exception <a 'java/lang/NoSuchMethodError'{0x00000000fee099a0}: 'java.lang.Object java.lang.invoke.DirectMethodHandle$Holder.invokeStatic(java.lang.Object, java.lang.Object, int)'> (0x00000000fee099a0) 
thrown [s\src\hotspot\share\interpreter\linkResolver.cpp, line 759]
Event: 1.816 Thread 0x0000015640c68840 Exception <a 'java/lang/NoSuchMethodError'{0x00000000fee15690}: 'void java.lang.invoke.DelegatingMethodHandle$Holder.delegate(java.lang.Object, java.lang.Object, int, java.lang.Object)'> (0x00000000fee15690) 
thrown [s\src\hotspot\share\interpreter\linkResolver.cpp, line 759]
Event: 1.822 Thread 0x0000015640c68840 Exception <a 'java/lang/NoSuchMethodError'{0x00000000fee28cd8}: 'java.lang.Object java.lang.invoke.Invokers$Holder.invokeExact_MT(java.lang.Object, java.lang.Object, java.lang.Object, java.lang.Object)'> (0x00000000fee28cd8) 
thrown [s\src\hotspot\share\interpreter\linkResolver.cpp, line 759]
Event: 1.838 Thread 0x0000015640c68840 Exception <a 'java/lang/NoSuchMethodError'{0x00000000fee543e0}: 'java.lang.Object java.lang.invoke.DirectMethodHandle$Holder.invokeVirtual(java.lang.Object, java.lang.Object, java.lang.Object)'> (0x00000000fee543e0) 
thrown [s\src\hotspot\share\interpreter\linkResolver.cpp, line 759]
Event: 2.085 Thread 0x0000015640c68840 Exception <a 'java/lang/NoSuchMethodError'{0x00000000fea4f0f8}: 'java.lang.Object java.lang.invoke.DirectMethodHandle$Holder.newInvokeSpecial(java.lang.Object, java.lang.Object, java.lang.Object, java.lang.Object, java.lang.Object)'> (0x00000000fea4f0f8) 
thrown [s\src\hotspot\share\interpreter\linkResolver.cpp, line 759]
Event: 2.136 Thread 0x0000015640c68840 Exception <a 'java/lang/NoSuchMethodError'{0x00000000fe9f2f60}: 'void java.lang.invoke.DirectMethodHandle$Holder.invokeSpecial(java.lang.Object, java.lang.Object, java.lang.Object)'> (0x00000000fe9f2f60) 
thrown [s\src\hotspot\share\interpreter\linkResolver.cpp, line 759]
Event: 2.703 Thread 0x0000015640c68840 Exception <a 'java/lang/NoSuchMethodError'{0x00000000fe412f40}: 'void java.lang.invoke.DirectMethodHandle$Holder.invokeStatic(java.lang.Object, java.lang.Object, java.lang.Object)'> (0x00000000fe412f40) 
thrown [s\src\hotspot\share\interpreter\linkResolver.cpp, line 759]
Event: 2.810 Thread 0x0000015640c68840 Exception <a 'java/lang/NoSuchMethodError'{0x00000000fe2add78}: 'java.lang.Object java.lang.invoke.DirectMethodHandle$Holder.newInvokeSpecial(java.lang.Object, java.lang.Object, java.lang.Object, java.lang.Object, java.lang.Object, java.lang.Object, java.lang.Object, java.lang.Object, java.lang.Object, java.lang.Object, java.lang.Object, java.lang.Object, java.lang.Object, java.lang.Object, java.lang.Object, java.lang.Object, java.lang.Object, java.lang.Object, java.lang.Object, java.lang.Object, java.lang
Event: 2.812 Thread 0x0000015640c68840 Exception <a 'java/lang/NoSuchMethodError'{0x00000000fe2ba380}: 'java.lang.Object java.lang.invoke.Invokers$Holder.linkToTargetMethod(java.lang.Object, java.lang.Object, java.lang.Object, java.lang.Object, java.lang.Object, java.lang.Object, java.lang.Object, java.lang.Object, java.lang.Object, java.lang.Object, java.lang.Object, java.lang.Object, java.lang.Object, java.lang.Object, java.lang.Object, java.lang.Object, java.lang.Object, java.lang.Object, java.lang.Object, java.lang.Object, java.lang.Object,
Event: 2.890 Thread 0x0000015640c68840 Exception <a 'java/lang/NoSuchMethodError'{0x00000000fdf19c70}: 'java.lang.Object java.lang.invoke.DirectMethodHandle$Holder.invokeStaticInit(java.lang.Object, int, int, int, int)'> (0x00000000fdf19c70) 
thrown [s\src\hotspot\share\interpreter\linkResolver.cpp, line 759]
Event: 2.984 Thread 0x0000015640c68840 Exception <a 'java/lang/NoSuchMethodError'{0x00000000fdff0578}: 'java.lang.Object java.lang.invoke.DirectMethodHandle$Holder.invokeStaticInit(java.lang.Object, java.lang.Object, int, int, int, int)'> (0x00000000fdff0578) 
thrown [s\src\hotspot\share\interpreter\linkResolver.cpp, line 759]
Event: 3.046 Thread 0x0000015640c68840 Implicit null exception at 0x00000156502db572 to 0x00000156502dbb8c

VM Operations (20 events):
Event: 26.321 Executing VM operation: Cleanup
Event: 26.321 Executing VM operation: Cleanup done
Event: 27.322 Executing VM operation: Cleanup
Event: 27.322 Executing VM operation: Cleanup done
Event: 28.324 Executing VM operation: Cleanup
Event: 28.324 Executing VM operation: Cleanup done
Event: 29.330 Executing VM operation: Cleanup
Event: 29.330 Executing VM operation: Cleanup done
Event: 34.364 Executing VM operation: Cleanup
Event: 34.365 Executing VM operation: Cleanup done
Event: 35.365 Executing VM operation: Cleanup
Event: 35.365 Executing VM operation: Cleanup done
Event: 39.375 Executing VM operation: Cleanup
Event: 39.375 Executing VM operation: Cleanup done
Event: 40.388 Executing VM operation: Cleanup
Event: 40.388 Executing VM operation: Cleanup done
Event: 41.388 Executing VM operation: Cleanup
Event: 41.388 Executing VM operation: Cleanup done
Event: 46.411 Executing VM operation: Cleanup
Event: 46.411 Executing VM operation: Cleanup done

Memory protections (0 events):
No events

Nmethod flushes (0 events):
No events

Events (17 events):
Event: 0.064 Thread 0x0000015640c68840 Thread added: 0x0000015640c68840
Event: 0.070 Thread 0x0000015640c68840 Thread added: 0x000001565a6a0410
Event: 0.070 Thread 0x0000015640c68840 Thread added: 0x000001565a6a08f0
Event: 0.091 Thread 0x0000015640c68840 Thread added: 0x000001565a6bca60
Event: 0.091 Thread 0x0000015640c68840 Thread added: 0x000001565a6bcf40
Event: 0.091 Thread 0x0000015640c68840 Thread added: 0x000001565a6bd420
Event: 0.092 Thread 0x0000015640c68840 Thread added: 0x000001565a6c1910
Event: 0.092 Thread 0x0000015640c68840 Thread added: 0x000001565a6c2120
Event: 0.092 Thread 0x0000015640c68840 Thread added: 0x000001565a6c5b40
Event: 0.092 Thread 0x0000015640c68840 Thread added: 0x000001565a6c6060
Event: 0.125 Thread 0x0000015640c68840 Thread added: 0x000001565a80b720
Event: 0.127 Thread 0x0000015640c68840 Thread added: 0x000001565a82dec0
Event: 0.427 Thread 0x000001565a6c5b40 Thread added: 0x000001565aa09890
Event: 0.782 Thread 0x000001565a6c5b40 Thread added: 0x000001565aaf7a20
Event: 1.936 Thread 0x0000015640c68840 Thread added: 0x00000156a05c2400
Event: 2.717 Thread 0x000001565aaf7a20 Thread exited: 0x000001565aaf7a20
Event: 2.717 Thread 0x000001565aa09890 Thread exited: 0x000001565aa09890


Dynamic libraries:
0x00007ff6ea3c0000 - 0x00007ff6ea3ce000 	C:\Program Files\Microsoft\jdk-17.0.16.8-hotspot\bin\java.exe
0x00007ffd306e0000 - 0x00007ffd30947000 	C:\WINDOWS\SYSTEM32\ntdll.dll
0x00007ffd2efd0000 - 0x00007ffd2f099000 	C:\WINDOWS\System32\KERNEL32.DLL
0x00007ffd2d480000 - 0x00007ffd2d877000 	C:\WINDOWS\System32\KERNELBASE.dll
0x00007ffd2d300000 - 0x00007ffd2d44b000 	C:\WINDOWS\System32\ucrtbase.dll
0x00007ffd2a3b0000 - 0x00007ffd2a3ce000 	C:\Program Files\Microsoft\jdk-17.0.16.8-hotspot\bin\VCRUNTIME140.dll
0x00007ffd24a40000 - 0x00007ffd24a58000 	C:\Program Files\Microsoft\jdk-17.0.16.8-hotspot\bin\jli.dll
0x00007ffd2f0a0000 - 0x00007ffd2f266000 	C:\WINDOWS\System32\USER32.dll
0x00007ffd1a280000 - 0x00007ffd1a512000 	C:\WINDOWS\WinSxS\amd64_microsoft.windows.common-controls_6595b64144ccf1df_6.0.26100.8457_none_3e0b2faee331e92d\COMCTL32.dll
0x00007ffd30240000 - 0x00007ffd302e9000 	C:\WINDOWS\System32\msvcrt.dll
0x00007ffd2d450000 - 0x00007ffd2d477000 	C:\WINDOWS\System32\win32u.dll
0x00007ffd30380000 - 0x00007ffd303ab000 	C:\WINDOWS\System32\GDI32.dll
0x00007ffd2da00000 - 0x00007ffd2db2c000 	C:\WINDOWS\System32\gdi32full.dll
0x00007ffd2d250000 - 0x00007ffd2d2f3000 	C:\WINDOWS\System32\msvcp_win.dll
0x00007ffd30590000 - 0x00007ffd305c2000 	C:\WINDOWS\System32\IMM32.DLL
0x00007ffd24a30000 - 0x00007ffd24a3c000 	C:\Program Files\Microsoft\jdk-17.0.16.8-hotspot\bin\vcruntime140_1.dll
0x00007ffcdcc50000 - 0x00007ffcdccd9000 	C:\Program Files\Microsoft\jdk-17.0.16.8-hotspot\bin\msvcp140.dll
0x00007ffc9c670000 - 0x00007ffc9d2ea000 	C:\Program Files\Microsoft\jdk-17.0.16.8-hotspot\bin\server\jvm.dll
0x00007ffd305e0000 - 0x00007ffd30696000 	C:\WINDOWS\System32\ADVAPI32.dll
0x00007ffd2eef0000 - 0x00007ffd2ef97000 	C:\WINDOWS\System32\sechost.dll
0x00007ffd2ed60000 - 0x00007ffd2ee78000 	C:\WINDOWS\System32\RPCRT4.dll
0x00007ffd2ecd0000 - 0x00007ffd2ed50000 	C:\WINDOWS\System32\WS2_32.dll
0x00007ffd2cf90000 - 0x00007ffd2cfee000 	C:\WINDOWS\SYSTEM32\POWRPROF.dll
0x00007ffd19fa0000 - 0x00007ffd19fd6000 	C:\WINDOWS\SYSTEM32\WINMM.dll
0x00007ffd243e0000 - 0x00007ffd243eb000 	C:\WINDOWS\SYSTEM32\VERSION.dll
0x00007ffd2cf70000 - 0x00007ffd2cf84000 	C:\WINDOWS\SYSTEM32\UMPDC.dll
0x00007ffd2be60000 - 0x00007ffd2be7b000 	C:\WINDOWS\SYSTEM32\kernel.appcore.dll
0x00007ffd249f0000 - 0x00007ffd249fa000 	C:\Program Files\Microsoft\jdk-17.0.16.8-hotspot\bin\jimage.dll
0x00007ffd2a9b0000 - 0x00007ffd2abf2000 	C:\WINDOWS\SYSTEM32\DBGHELP.DLL
0x00007ffd2e460000 - 0x00007ffd2e7e3000 	C:\WINDOWS\System32\combase.dll
0x00007ffd2f270000 - 0x00007ffd2f349000 	C:\WINDOWS\System32\OLEAUT32.dll
0x00007ffd15b70000 - 0x00007ffd15bab000 	C:\WINDOWS\SYSTEM32\dbgcore.DLL
0x00007ffd2d1a0000 - 0x00007ffd2d248000 	C:\WINDOWS\System32\bcryptPrimitives.dll
0x00007ffd09590000 - 0x00007ffd095b6000 	C:\Program Files\Microsoft\jdk-17.0.16.8-hotspot\bin\java.dll
0x00007ffcd1d50000 - 0x00007ffcd1e26000 	C:\Program Files\Microsoft\jdk-17.0.16.8-hotspot\bin\jsvml.dll
0x00007ffd2f630000 - 0x00007ffd2fd9e000 	C:\WINDOWS\System32\SHELL32.dll
0x00007ffd2dbf0000 - 0x00007ffd2e45c000 	C:\WINDOWS\System32\windows.storage.dll
0x00007ffd2e7f0000 - 0x00007ffd2e8e6000 	C:\WINDOWS\System32\SHCORE.dll
0x00007ffd2f420000 - 0x00007ffd2f486000 	C:\WINDOWS\System32\shlwapi.dll
0x00007ffd2d030000 - 0x00007ffd2d059000 	C:\WINDOWS\SYSTEM32\profapi.dll
0x00007ffd0f3b0000 - 0x00007ffd0f3cb000 	C:\Program Files\Microsoft\jdk-17.0.16.8-hotspot\bin\net.dll
0x00007ffd23240000 - 0x00007ffd23369000 	C:\WINDOWS\SYSTEM32\WINHTTP.dll
0x00007ffd2c3b0000 - 0x00007ffd2c41c000 	C:\WINDOWS\system32\mswsock.dll
0x00007ffcf60a0000 - 0x00007ffcf60b6000 	C:\Program Files\Microsoft\jdk-17.0.16.8-hotspot\bin\nio.dll
0x00007ffcf5960000 - 0x00007ffcf5978000 	C:\Program Files\Microsoft\jdk-17.0.16.8-hotspot\bin\zip.dll
0x00007ffd1aa00000 - 0x00007ffd1aa10000 	C:\Program Files\Microsoft\jdk-17.0.16.8-hotspot\bin\verify.dll
0x00007ffd0f100000 - 0x00007ffd0f10a000 	C:\Program Files\Microsoft\jdk-17.0.16.8-hotspot\bin\management.dll
0x00007ffd09580000 - 0x00007ffd0958c000 	C:\Program Files\Microsoft\jdk-17.0.16.8-hotspot\bin\management_ext.dll
0x00007ffd2e970000 - 0x00007ffd2e978000 	C:\WINDOWS\System32\PSAPI.DLL
0x00007ffced9c0000 - 0x00007ffced9e7000 	C:\Users\Talha\.gradle\native\1def1411415f61bf3af743bc5b6707747c0891f09f0c88961ee8f79bc544acac\windows-amd64\native-platform.dll
0x00007ffced830000 - 0x00007ffced83a000 	C:\Users\Talha\.gradle\native\jansi\1.18\windows64\jansi.dll
0x00007ffd2b850000 - 0x00007ffd2b882000 	C:\WINDOWS\SYSTEM32\IPHLPAPI.DLL
0x00007ffd2ecc0000 - 0x00007ffd2ecca000 	C:\WINDOWS\System32\NSI.dll
0x00007ffd22ef0000 - 0x00007ffd22f0d000 	C:\WINDOWS\SYSTEM32\dhcpcsvc6.DLL
0x00007ffd22ec0000 - 0x00007ffd22ee5000 	C:\WINDOWS\SYSTEM32\dhcpcsvc.DLL
0x00007ffd2b8e0000 - 0x00007ffd2ba12000 	C:\WINDOWS\SYSTEM32\DNSAPI.dll
0x00007ffced9a0000 - 0x00007ffced9a9000 	C:\Program Files\Microsoft\jdk-17.0.16.8-hotspot\bin\extnet.dll
0x00007ffd2c7b0000 - 0x00007ffd2c7cb000 	C:\WINDOWS\SYSTEM32\CRYPTSP.dll
0x00007ffd2bdc0000 - 0x00007ffd2bdf9000 	C:\WINDOWS\system32\rsaenh.dll
0x00007ffd2c460000 - 0x00007ffd2c493000 	C:\WINDOWS\SYSTEM32\USERENV.dll
0x00007ffd2d000000 - 0x00007ffd2d02a000 	C:\WINDOWS\SYSTEM32\bcrypt.dll
0x00007ffd2c610000 - 0x00007ffd2c61c000 	C:\WINDOWS\SYSTEM32\CRYPTBASE.dll
0x00007ffced920000 - 0x00007ffced92e000 	C:\Program Files\Microsoft\jdk-17.0.16.8-hotspot\bin\sunmscapi.dll
0x00007ffd2d880000 - 0x00007ffd2d9f8000 	C:\WINDOWS\System32\CRYPT32.dll
0x00007ffd2c910000 - 0x00007ffd2c940000 	C:\WINDOWS\SYSTEM32\ncrypt.dll
0x00007ffd2c8c0000 - 0x00007ffd2c8ff000 	C:\WINDOWS\SYSTEM32\NTASN1.dll
0x00007ffd02370000 - 0x00007ffd02378000 	C:\WINDOWS\system32\wshunix.dll

dbghelp: loaded successfully - version: 4.0.5 - missing functions: none
symbol engine: initialized successfully - sym options: 0x614 - pdb path: .;C:\Program Files\Microsoft\jdk-17.0.16.8-hotspot\bin;C:\WINDOWS\SYSTEM32;C:\WINDOWS\WinSxS\amd64_microsoft.windows.common-controls_6595b64144ccf1df_6.0.26100.8457_none_3e0b2faee331e92d;C:\Program Files\Microsoft\jdk-17.0.16.8-hotspot\bin\server;C:\Users\Talha\.gradle\native\1def1411415f61bf3af743bc5b6707747c0891f09f0c88961ee8f79bc544acac\windows-amd64;C:\Users\Talha\.gradle\native\jansi\1.18\windows64

VM Arguments:
jvm_args: -Xmx64m -Xms64m -Dorg.gradle.appname=gradlew 
java_command: D:\supply-pulse-rn\frontend\android\\gradle\wrapper\gradle-wrapper.jar assembleDebug --stacktrace
java_class_path (initial): D:\supply-pulse-rn\frontend\android\\gradle\wrapper\gradle-wrapper.jar
Launcher Type: SUN_STANDARD

[Global flags]
     intx CICompilerCount                          = 4                                         {product} {ergonomic}
     uint ConcGCThreads                            = 2                                         {product} {ergonomic}
     uint G1ConcRefinementThreads                  = 8                                         {product} {ergonomic}
   size_t G1HeapRegionSize                         = 1048576                                   {product} {ergonomic}
    uintx GCDrainStackTargetSize                   = 64                                        {product} {ergonomic}
   size_t InitialHeapSize                          = 67108864                                  {product} {command line}
   size_t MarkStackSize                            = 4194304                                   {product} {ergonomic}
   size_t MaxHeapSize                              = 67108864                                  {product} {command line}
   size_t MaxNewSize                               = 39845888                                  {product} {ergonomic}
   size_t MinHeapDeltaBytes                        = 1048576                                   {product} {ergonomic}
   size_t MinHeapSize                              = 67108864                                  {product} {command line}
    uintx NonNMethodCodeHeapSize                   = 5839372                                {pd product} {ergonomic}
    uintx NonProfiledCodeHeapSize                  = 122909434                              {pd product} {ergonomic}
    uintx ProfiledCodeHeapSize                     = 122909434                              {pd product} {ergonomic}
    uintx ReservedCodeCacheSize                    = 251658240                              {pd product} {ergonomic}
     bool SegmentedCodeCache                       = true                                      {product} {ergonomic}
   size_t SoftMaxHeapSize                          = 67108864                               {manageable} {ergonomic}
     bool UseCompressedClassPointers               = true                           {product lp64_product} {ergonomic}
     bool UseCompressedOops                        = true                           {product lp64_product} {ergonomic}
     bool UseG1GC                                  = true                                      {product} {ergonomic}
     bool UseLargePagesIndividualAllocation        = false                                  {pd product} {ergonomic}

Logging:
Log output configuration:
 #0: stdout all=warning uptime,level,tags
 #1: stderr all=off uptime,level,tags

Environment Variables:
JAVA_HOME=C:\Program Files\Microsoft\jdk-17.0.16.8-hotspot\
PATH=C:\Python314\Scripts\;C:\Python314\;C:\Program Files\Eclipse Adoptium\jdk-17.0.17.10-hotspot\bin;C:\Program Files\Microsoft\jdk-17.0.16.8-hotspot\bin;C:\WINDOWS\system32;C:\WINDOWS;C:\WINDOWS\System32\Wbem;C:\WINDOWS\System32\WindowsPowerShell\v1.0\;C:\WINDOWS\System32\OpenSSH\;C:\Program Files\Docker\Docker\resources\bin;C:\Users\Talha\AppData\Local\nvm;C:\nvm4w\nodejs;C:\Program Files\dotnet\;C:\ProgramData\chocolatey\bin;C:\Program Files\Git\cmd;C:\Users\Talha\AppData\Local\Android\Sdk\platform-tools;C:\Program Files\cursor\resources\app\bin;C:\Program Files\GitHub CLI\;C:\Python314\Scripts\;C:\Python314\;C:\Program Files\Eclipse Adoptium\jdk-17.0.17.10-hotspot\bin;C:\Program Files\Microsoft\jdk-17.0.16.8-hotspot\bin;C:\WINDOWS\system32;C:\WINDOWS;C:\WINDOWS\System32\Wbem;C:\WINDOWS\System32\WindowsPowerShell\v1.0\;C:\WINDOWS\System32\OpenSSH\;C:\Program Files\Docker\Docker\resources\bin;C:\Users\Talha\AppData\Local\nvm;C:\nvm4w\nodejs;C:\Program Files\dotnet\;C:\ProgramData\chocolatey\bin;C:\Program Files\Git\cmd;C:\Users\Talha\AppData\Local\Android\Sdk\platform-tools;C:\Program Files\cursor\resources\app\bin;C:\Users\Talha\AppData\Local\Microsoft\WindowsApps;C:\Users\Talha\AppData\Local\Programs\Microsoft VS Code\bin;C:\Users\Talha\AppData\Local\GitHubDesktop\bin;C:\Users\Talha\AppData\Local\Programs\cursor\cursor\resources\app\bin;C:\Users\Talha\.local\bin;C:\Users\Talha\.local\bin;C:\Users\Talha\AppData\Local\PowerToys\DSCModules\;C:\Users\Talha\AppData\Local\Programs\Antigravity\bin
USERNAME=Talha
OS=Windows_NT
PROCESSOR_IDENTIFIER=Intel64 Family 6 Model 142 Stepping 10, GenuineIntel
TMP=C:\Users\Talha\AppData\Local\Temp
TEMP=C:\Users\Talha\AppData\Local\Temp



Periodic native trim disabled


---------------  S Y S T E M  ---------------

OS:
 Windows 11 , 64 bit Build 26100 (10.0.26100.8328)
OS uptime: 4 days 23:51 hours
Hyper-V role detected

CPU: total 8 (initial active 8) (4 cores per cpu, 2 threads per core) family 6 model 142 stepping 10 microcode 0xf6, cx8, cmov, fxsr, ht, mmx, 3dnowpref, sse, sse2, sse3, ssse3, sse4.1, sse4.2, popcnt, lzcnt, tsc, tscinvbit, avx, avx2, aes, erms, clmul, bmi1, bmi2, rtm, adx, fma, vzeroupper, clflush, clflushopt, hv
Processor Information for the first 8 processors :
  Max Mhz: 2112, Current Mhz: 1910, Mhz Limit: 1900

Memory: 4k page, system-wide physical 16262M (1011M free)
TotalPageFile size 41139M (AvailPageFile size 0M)
current process WorkingSet (physical memory assigned to process): 109M, peak: 119M
current process commit charge ("private bytes"): 166M, peak: 177M

vm_info: OpenJDK 64-Bit Server VM (17.0.16+8-LTS) for windows-amd64 JRE (17.0.16+8-LTS), built on Jul 10 2025 00:24:24 by "MicrosoftCorporation" with unknown MS VC++:1944

END.
